
> level-up@0.1.0 test:once
> cross-env NODE_ENV=test karma start --single-run

webpack was not included as a framework in karma configuration, setting this automatically...
Webpack bundling...
asset [1m[32mcommons.js[39m[22m 6.87 MiB [1m[32m[emitted][39m[22m (name: commons) (id hint: commons)
asset [1m[32mruntime.js[39m[22m 16.9 KiB [1m[32m[emitted][39m[22m (name: runtime)
asset [1m[32mNotificationContext.spec.1345401088.js[39m[22m 486 bytes [1m[32m[emitted][39m[22m (name: NotificationContext.spec.1345401088)
asset [1m[32mProductCard.spec.4220480472.js[39m[22m 483 bytes [1m[32m[emitted][39m[22m (name: ProductCard.spec.4220480472)
asset [1m[32mProductDetailPage.spec.3560872363.js[39m[22m 480 bytes [1m[32m[emitted][39m[22m (name: ProductDetailPage.spec.3560872363)
asset [1m[32mAuthContext.spec.4251289473.js[39m[22m 470 bytes [1m[32m[emitted][39m[22m (name: AuthContext.spec.4251289473)
asset [1m[32mCartContext.spec.3345363534.js[39m[22m 470 bytes [1m[32m[emitted][39m[22m (name: CartContext.spec.3345363534)
asset [1m[32mformatters.spec.2095283931.js[39m[22m 466 bytes [1m[32m[emitted][39m[22m (name: formatters.spec.2095283931)
asset [1m[32mCommunity.spec.126623731.js[39m[22m 463 bytes [1m[32m[emitted][39m[22m (name: Community.spec.126623731)
asset [1m[32mProducts.spec.3209198220.js[39m[22m 462 bytes [1m[32m[emitted][39m[22m (name: Products.spec.3209198220)
asset [1m[32mRegister.spec.1238739584.js[39m[22m 462 bytes [1m[32m[emitted][39m[22m (name: Register.spec.1238739584)
asset [1m[32mProfile.spec.3671499345.js[39m[22m 460 bytes [1m[32m[emitted][39m[22m (name: Profile.spec.3671499345)
asset [1m[32mReviews.spec.2702826092.js[39m[22m 460 bytes [1m[32m[emitted][39m[22m (name: Reviews.spec.2702826092)
asset [1m[32museCart.spec.2503661057.js[39m[22m 460 bytes [1m[32m[emitted][39m[22m (name: useCart.spec.2503661057)
+ 4 assets
webpack 5.102.1 compiled [1m[32msuccessfully[39m[22m in 2676 ms
[32m24 11 2025 16:38:22.041:INFO [karma-server]: [39mKarma v6.4.4 server started at http://localhost:9876/
[32m24 11 2025 16:38:22.042:INFO [launcher]: [39mLaunching browsers ChromeHeadless with concurrency unlimited
[32m24 11 2025 16:38:22.050:INFO [launcher]: [39mStarting browser ChromeHeadless
[32m24 11 2025 16:38:23.326:INFO [Chrome Headless 142.0.0.0 (Windows 10)]: [39mConnected on socket RMKL65ONVI4c79jaAAAB with id 97170920

  AuthContext
    [32mÔêÜ [39msincroniza cambios de localStorage desde otro tab (9ms)
[33m24 11 2025 16:38:23.539:WARN [web-server]: [39m404: /assets/img/gaming-expo.jpg
[33m24 11 2025 16:38:23.540:WARN [web-server]: [39m404: /assets/img/evento-cs2.jpg
[33m24 11 2025 16:38:23.540:WARN [web-server]: [39m404: /assets/img/evento-lol.jpg
[33m24 11 2025 16:38:23.554:WARN [web-server]: [39m404: /assets/img/mouse-gamer.jpg

  Cart Page
    [31m├ù [39m[31mdebe mostrar un mensaje cuando el carrito est├í vac├¡o[39m (6ms)
	TestingLibraryElementError: Unable to find an element with the text: /tu carrito est├í vac├¡o/i. This could be because the text is broken up by multiple elements. In this case, you can provide a function for your text matcher to make your matcher more flexible.
	
	Ignored nodes: comments, script, style
	<body>
	  

    [31m├ù [39m[31mdebe manejar el cambio de cantidad de un producto[39m (3ms)
	TestingLibraryElementError: Unable to find an accessible element with the role "button" and name "-"
	
	Here are the accessible roles:
	
	  main:

    [31m├ù [39m[31mdebe eliminar un producto del carrito[39m (2ms)
	TestingLibraryElementError: Unable to find an accessible element with the role "button" and name `/eliminar/i`
	
	Here are the accessible roles:
	
	  main:

    [31m├ù [39m[31mdebe vaciar el carrito[39m (1ms)
	TestingLibraryElementError: Unable to find an accessible element with the role "button" and name `/vaciar carrito/i`
	
	Here are the accessible roles:
	
	  main:

    [31m├ù [39m[31mdebe aplicar un descuento v├ílido[39m (1ms)
	TestingLibraryElementError: Unable to find an element with the placeholder text of: /ej: duoc20/i
	
	Ignored nodes: comments, script, style
	<body>
	  

    [31m├ù [39m[31mdebe manejar el intento de finalizar la compra con un carrito vac├¡o[39m (1ms)
	TestingLibraryElementError: Unable to find an accessible element with the role "button" and name `/finalizar compra/i`
	
	Here are the accessible roles:
	
	  main:

    [31m├ù [39m[31mdebe redirigir al registro si el usuario no est├í autenticado[39m (1ms)
	TestingLibraryElementError: Unable to find an accessible element with the role "button" and name `/finalizar compra/i`
	
	Here are the accessible roles:
	
	  main:


  CartContext
    [32mÔêÜ [39mdebe inicializar con carrito vac├¡o (2ms)
    [32mÔêÜ [39mdebe agregar un producto al carrito (3ms)
    [32mÔêÜ [39mdebe incrementar cantidad si el producto ya existe (2ms)
    [32mÔêÜ [39mdebe eliminar un producto del carrito (1ms)
    [32mÔêÜ [39mdebe actualizar la cantidad de un producto (2ms)
    [32mÔêÜ [39mdebe vaciar el carrito (5ms)
    [31m├ù [39m[31mdebe calcular el precio total correctamente[39m (2ms)
	Expected '0' to be '91980'.
	    at <Jasmine>
	    at C:/Users/JEREMY~1.PAR/AppData/Local/Temp/_karma_webpack_574981/commons.js:69607:120
	    at runWithExpensiveErrorDiagnosticsDisabled (C:/Users/JEREMY~1.PAR/AppData/Local/Temp/_karma_webpack_574981/commons.js:553:12)
	    at checkCallback (C:/Users/JEREMY~1.PAR/AppData/Local/Temp/_karma_webpack_574981/commons.js:1301:24)

    [32mÔêÜ [39mdebe persistir el carrito en localStorage (0ms)

  Community Page
    [32mÔêÜ [39mdebe renderizar el t├¡tulo de comunidad (9ms)

  Home Page
    [31m├ù [39m[31mdebe renderizar el t├¡tulo principal[39m (1ms)
	ReferenceError: jest is not defined
	    at UserContext.<anonymous> (C:/Users/JEREMY~1.PAR/AppData/Local/Temp/_karma_webpack_574981/commons.js:78377:35)
	    at <Jasmine>

	ReferenceError: jest is not defined
	    at UserContext.<anonymous> (C:/Users/JEREMY~1.PAR/AppData/Local/Temp/_karma_webpack_574981/commons.js:78393:5)
	    at <Jasmine>

    [31m├ù [39m[31mdebe cargar y mostrar productos destacados[39m (0ms)
	ReferenceError: jest is not defined
	    at UserContext.<anonymous> (C:/Users/JEREMY~1.PAR/AppData/Local/Temp/_karma_webpack_574981/commons.js:78377:35)
	    at <Jasmine>

	ReferenceError: jest is not defined
	    at UserContext.<anonymous> (C:/Users/JEREMY~1.PAR/AppData/Local/Temp/_karma_webpack_574981/commons.js:78393:5)
	    at <Jasmine>

    [31m├ù [39m[31mdebe manejar errores al cargar productos[39m (0ms)
	ReferenceError: jest is not defined
	    at UserContext.<anonymous> (C:/Users/JEREMY~1.PAR/AppData/Local/Temp/_karma_webpack_574981/commons.js:78377:35)
	    at <Jasmine>

	ReferenceError: jest is not defined
	    at UserContext.<anonymous> (C:/Users/JEREMY~1.PAR/AppData/Local/Temp/_karma_webpack_574981/commons.js:78393:5)
	    at <Jasmine>


  Login Page
    [32mÔêÜ [39mdebe renderizar el formulario de login (4ms)

  ProductCard Component
    [32mÔêÜ [39mdebe renderizar correctamente el componente (8ms)

  Product Detail Page
    [31m├ù [39m[31mdebe mostrar un mensaje de carga mientras se obtiene el producto[39m (2ms)
	TypeError: expect(...).toBeInTheDocument is not a function
	    at UserContext.<anonymous> (C:/Users/JEREMY~1.PAR/AppData/Local/Temp/_karma_webpack_574981/commons.js:83170:98)
	    at <Jasmine>

    [31m├ù [39m[31mdebe mostrar un mensaje si el producto no se encuentra[39m (0ms)
	ReferenceError: jest is not defined
	    at C:/Users/JEREMY~1.PAR/AppData/Local/Temp/_karma_webpack_574981/commons.js:83179:41
	    at Generator.<anonymous> (C:/Users/JEREMY~1.PAR/AppData/Local/Temp/_karma_webpack_574981/commons.js:83116:1660)
	    at Generator.next (C:/Users/JEREMY~1.PAR/AppData/Local/Temp/_karma_webpack_574981/commons.js:83117:255)
	    at asyncGeneratorStep (C:/Users/JEREMY~1.PAR/AppData/Local/Temp/_karma_webpack_574981/commons.js:83118:70)

    [31m├ù [39m[31mdebe cargar y mostrar el producto correctamente[39m (0ms)
	ReferenceError: jest is not defined
	    at C:/Users/JEREMY~1.PAR/AppData/Local/Temp/_karma_webpack_574981/commons.js:83214:41
	    at Generator.<anonymous> (C:/Users/JEREMY~1.PAR/AppData/Local/Temp/_karma_webpack_574981/commons.js:83116:1660)
	    at Generator.next (C:/Users/JEREMY~1.PAR/AppData/Local/Temp/_karma_webpack_574981/commons.js:83117:255)
	    at asyncGeneratorStep (C:/Users/JEREMY~1.PAR/AppData/Local/Temp/_karma_webpack_574981/commons.js:83118:70)

    [31m├ù [39m[31mdebe manejar el cambio de cantidad[39m (2ms)
	TestingLibraryElementError: Unable to find an accessible element with the role "button" and name "+"
	
	Here are the accessible roles:
	
	  main:

    [31m├ù [39m[31mdebe agregar el producto al carrito[39m (1ms)
	TestingLibraryElementError: Unable to find an accessible element with the role "button" and name `/Agregar al Carrito/i`
	
	Here are the accessible roles:
	
	  main:

    [31m├ù [39m[31mdebe manejar el env├¡o de una rese├▒a v├ílida[39m (1ms)
	TestingLibraryElementError: Unable to find a label with the text of: /Calificaci├│n/i
	
	Ignored nodes: comments, script, style
	<body>
	  

    [31m├ù [39m[31mdebe mostrar un error si la rese├▒a est├í incompleta[39m (2ms)
	TestingLibraryElementError: Unable to find an accessible element with the role "button" and name `/Publicar Rese├▒a/i`
	
	Here are the accessible roles:
	
	  main:

    [31m├ù [39m[31mdebe manejar errores al cargar el producto[39m (0ms)
	ReferenceError: jest is not defined
	    at C:/Users/JEREMY~1.PAR/AppData/Local/Temp/_karma_webpack_574981/commons.js:83380:41
	    at Generator.<anonymous> (C:/Users/JEREMY~1.PAR/AppData/Local/Temp/_karma_webpack_574981/commons.js:83116:1660)
	    at Generator.next (C:/Users/JEREMY~1.PAR/AppData/Local/Temp/_karma_webpack_574981/commons.js:83117:255)
	    at asyncGeneratorStep (C:/Users/JEREMY~1.PAR/AppData/Local/Temp/_karma_webpack_574981/commons.js:83118:70)

    [31m├ù [39m[31mdebe deshabilitar el bot├│n de incrementar cantidad al alcanzar el l├¡mite m├íximo[39m (3ms)
	TestingLibraryElementError: Unable to find an accessible element with the role "button" and name "+"
	
	Here are the accessible roles:
	
	  main:

    [31m├ù [39m[31mdebe deshabilitar el bot├│n de decrementar cantidad al alcanzar el l├¡mite m├¡nimo[39m (2ms)
	TestingLibraryElementError: Unable to find an accessible element with the role "button" and name "-"
	
	Here are the accessible roles:
	
	  main:

    [31m├ù [39m[31mdebe mostrar un error si falta la calificaci├│n en la rese├▒a[39m (1ms)
	TestingLibraryElementError: Unable to find a label with the text of: /Tu nombre/i
	
	Ignored nodes: comments, script, style
	<body>
	  

    [31m├ù [39m[31mdebe mostrar un error si falta el nombre en la rese├▒a[39m (1ms)
	TestingLibraryElementError: Unable to find a label with the text of: /Calificaci├│n/i
	
	Ignored nodes: comments, script, style
	<body>
	  


  Products Page
    [32mÔêÜ [39mdebe renderizar el t├¡tulo de productos (2ms)
ALERT LOG: [36m'Debes registrarte o iniciar sesi├│n para acceder a tu perfil.'[39m
ALERT LOG: [36m'Debes registrarte o iniciar sesi├│n para acceder a tu perfil.'[39m

  Profile Page
    [32mÔêÜ [39mdebe renderizar el t├¡tulo del perfil (6ms)

  Register Page
    [31m├ù [39m[31mdebe renderizar el formulario de registro[39m (4ms)
	TypeError: expect(...).toBeInTheDocument is not a function
	    at UserContext.<anonymous> (C:/Users/JEREMY~1.PAR/AppData/Local/Temp/_karma_webpack_574981/commons.js:91686:99)
	    at <Jasmine>

    [31m├ù [39m[31mdebe mostrar un error si los campos de direcci├│n est├ín incompletos[39m (22ms)
	TestingLibraryElementError: Unable to find an element with the text: /Todos los campos de direcci├│n son obligatorios./i. This could be because the text is broken up by multiple elements. In this case, you can provide a function for your text matcher to make your matcher more flexible.
	
	Ignored nodes: comments, script, style
	<body>
	  

    [31m├ù [39m[31mdebe mostrar un error si el tel├®fono tiene un formato incorrecto[39m (10ms)
	TestingLibraryElementError: Unable to find an element with the text: /El tel├®fono debe tener el formato \+56 9 XXXX XXXX./i. This could be because the text is broken up by multiple elements. In this case, you can provide a function for your text matcher to make your matcher more flexible.
	
	Ignored nodes: comments, script, style
	<body>
	  

    [31m├ù [39m[31mdebe mostrar un error si el c├│digo postal no es un n├║mero[39m (10ms)
	TestingLibraryElementError: Unable to find an element with the text: /El c├│digo postal debe ser un n├║mero./i. This could be because the text is broken up by multiple elements. In this case, you can provide a function for your text matcher to make your matcher more flexible.
	
	Ignored nodes: comments, script, style
	<body>
	  

    [31m├ù [39m[31mdebe mostrar un error si las contrase├▒as no coinciden[39m (5ms)
	TestingLibraryElementError: Found multiple elements with the text of: /Contrase├▒a/i
	
	Here are the matching elements:
	
	Ignored nodes: comments, script, style

    [31m├ù [39m[31mdebe mostrar un error si el usuario es menor de 18 a├▒os[39m (10ms)
	TypeError: expect(...).toBeInTheDocument is not a function
	    at UserContext.<anonymous> (C:/Users/JEREMY~1.PAR/AppData/Local/Temp/_karma_webpack_574981/commons.js:91781:113)
	    at <Jasmine>

    [31m├ù [39m[31mdebe manejar errores del servidor al registrar un usuario[39m (1ms)
	ReferenceError: jest is not defined
	    at C:/Users/JEREMY~1.PAR/AppData/Local/Temp/_karma_webpack_574981/commons.js:91791:41
	    at Generator.<anonymous> (C:/Users/JEREMY~1.PAR/AppData/Local/Temp/_karma_webpack_574981/commons.js:91654:1660)
	    at Generator.next (C:/Users/JEREMY~1.PAR/AppData/Local/Temp/_karma_webpack_574981/commons.js:91655:255)
	    at asyncGeneratorStep (C:/Users/JEREMY~1.PAR/AppData/Local/Temp/_karma_webpack_574981/commons.js:91656:70)

    [31m├ù [39m[31mdebe mostrar un mensaje de ├®xito si el registro es exitoso[39m (0ms)
	ReferenceError: jest is not defined
	    at C:/Users/JEREMY~1.PAR/AppData/Local/Temp/_karma_webpack_574981/commons.js:91903:41
	    at Generator.<anonymous> (C:/Users/JEREMY~1.PAR/AppData/Local/Temp/_karma_webpack_574981/commons.js:91654:1660)
	    at Generator.next (C:/Users/JEREMY~1.PAR/AppData/Local/Temp/_karma_webpack_574981/commons.js:91655:255)
	    at asyncGeneratorStep (C:/Users/JEREMY~1.PAR/AppData/Local/Temp/_karma_webpack_574981/commons.js:91656:70)


  Reviews Page
    [31m├ù [39m[31mdebe renderizar el t├¡tulo de la p├ígina[39m (6ms)
	TypeError: expect(...).toBeInTheDocument is not a function
	    at UserContext.<anonymous> (C:/Users/JEREMY~1.PAR/AppData/Local/Temp/_karma_webpack_574981/commons.js:95103:107)
	    at <Jasmine>

    [31m├ù [39m[31mdebe cargar y mostrar las rese├▒as guardadas[39m (3ms)
	TypeError: expect(...).toBeInTheDocument is not a function
	    at UserContext.<anonymous> (C:/Users/JEREMY~1.PAR/AppData/Local/Temp/_karma_webpack_574981/commons.js:95111:97)
	    at <Jasmine>

    [31m├ù [39m[31mdebe mostrar un mensaje si no hay rese├▒as[39m (3ms)
	TypeError: expect(...).toBeInTheDocument is not a function
	    at UserContext.<anonymous> (C:/Users/JEREMY~1.PAR/AppData/Local/Temp/_karma_webpack_574981/commons.js:95123:105)
	    at <Jasmine>

    [31m├ù [39m[31mdebe filtrar rese├▒as por producto[39m (5ms)
	TypeError: expect(...).toBeInTheDocument is not a function
	    at UserContext.<anonymous> (C:/Users/JEREMY~1.PAR/AppData/Local/Temp/_karma_webpack_574981/commons.js:95138:97)
	    at <Jasmine>

    [31m├ù [39m[31mdebe filtrar rese├▒as por calificaci├│n[39m (4ms)
	TypeError: expect(...).toBeInTheDocument is not a function
	    at UserContext.<anonymous> (C:/Users/JEREMY~1.PAR/AppData/Local/Temp/_karma_webpack_574981/commons.js:95153:97)
	    at <Jasmine>

    [31m├ù [39m[31mdebe mostrar un mensaje si no hay rese├▒as que coincidan con los filtros[39m (6ms)
	TypeError: expect(...).toBeInTheDocument is not a function
	    at UserContext.<anonymous> (C:/Users/JEREMY~1.PAR/AppData/Local/Temp/_karma_webpack_574981/commons.js:95168:129)
	    at <Jasmine>

    [31m├ù [39m[31mdebe manejar el env├¡o de una rese├▒a v├ílida[39m (1044ms)
	TestingLibraryElementError: Unable to find an element with the text: /┬íRese├▒a publicada exitosamente!/i. This could be because the text is broken up by multiple elements. In this case, you can provide a function for your text matcher to make your matcher more flexible.
	
	Ignored nodes: comments, script, style
	<body>
	  

    [31m├ù [39m[31mdebe mostrar un error si la rese├▒a est├í incompleta[39m (1014ms)
	TestingLibraryElementError: Unable to find an element with the text: /Por favor completa todos los campos/i. This could be because the text is broken up by multiple elements. In this case, you can provide a function for your text matcher to make your matcher more flexible.
	
	Ignored nodes: comments, script, style
	<body>
	  


  Formatters Utils
    formatearPrecio
      [32mÔêÜ [39mdebe formatear precios correctamente (1ms)
      [32mÔêÜ [39mdebe manejar precios con decimales (0ms)
      [32mÔêÜ [39mdebe manejar cero (0ms)
    normalizarTexto
      [32mÔêÜ [39mdebe convertir a min├║sculas (1ms)
      [32mÔêÜ [39mdebe remover tildes (0ms)
      [32mÔêÜ [39mdebe normalizar texto completo (0ms)
    validarEmail
      [32mÔêÜ [39mdebe validar emails correctos (1ms)
      [32mÔêÜ [39mdebe rechazar emails inv├ílidos (0ms)
    calcularEdad
      [32mÔêÜ [39mdebe calcular edad correctamente (0ms)
      [32mÔêÜ [39mdebe considerar mes y d├¡a de cumplea├▒os (0ms)

  useCart Hook
    [32mÔêÜ [39mdebe retornar todas las funciones del carrito (1ms)
    [32mÔêÜ [39mdebe agregar producto con notificaci├│n (2ms)
    [32mÔêÜ [39mdebe mostrar notificaci├│n con informaci├│n del producto (0ms)
    [32mÔêÜ [39mdebe mostrar los valores del contexto (0ms)

Chrome Headless 142.0.0.0 (Windows 10): Executed 66 of 66[31m (39 FAILED)[39m (2.239 secs / 2.239 secs)
[33m24/11/2025, 16:38:25 - [39m[31mTOTAL: 39 FAILED, 27 SUCCESS[39m


[31m1) debe mostrar un mensaje cuando el carrito est├í vac├¡o
[39m[31m     Cart Page
[39m[90m     TestingLibraryElementError: Unable to find an element with the text: /tu carrito est├í vac├¡o/i. This could be because the text is broken up by multiple elements. In this case, you can provide a function for your text matcher to make your matcher more flexible.

Ignored nodes: comments, script, style
<body>
  
[39m
[31m2) debe manejar el cambio de cantidad de un producto
[39m[31m     Cart Page
[39m[90m     TestingLibraryElementError: Unable to find an accessible element with the role "button" and name "-"

Here are the accessible roles:

  main:
[39m
[31m3) debe eliminar un producto del carrito
[39m[31m     Cart Page
[39m[90m     TestingLibraryElementError: Unable to find an accessible element with the role "button" and name `/eliminar/i`

Here are the accessible roles:

  main:
[39m
[31m4) debe vaciar el carrito
[39m[31m     Cart Page
[39m[90m     TestingLibraryElementError: Unable to find an accessible element with the role "button" and name `/vaciar carrito/i`

Here are the accessible roles:

  main:
[39m
[31m5) debe aplicar un descuento v├ílido
[39m[31m     Cart Page
[39m[90m     TestingLibraryElementError: Unable to find an element with the placeholder text of: /ej: duoc20/i

Ignored nodes: comments, script, style
<body>
  
[39m
[31m6) debe manejar el intento de finalizar la compra con un carrito vac├¡o
[39m[31m     Cart Page
[39m[90m     TestingLibraryElementError: Unable to find an accessible element with the role "button" and name `/finalizar compra/i`

Here are the accessible roles:

  main:
[39m
[31m7) debe redirigir al registro si el usuario no est├í autenticado
[39m[31m     Cart Page
[39m[90m     TestingLibraryElementError: Unable to find an accessible element with the role "button" and name `/finalizar compra/i`

Here are the accessible roles:

  main:
[39m
[31m8) debe calcular el precio total correctamente
[39m[31m     CartContext
[39m[90m     Expected '0' to be '91980'.
    at <Jasmine>
    at C:/Users/JEREMY~1.PAR/AppData/Local/Temp/_karma_webpack_574981/commons.js:69607:120
    at runWithExpensiveErrorDiagnosticsDisabled (C:/Users/JEREMY~1.PAR/AppData/Local/Temp/_karma_webpack_574981/commons.js:553:12)
    at checkCallback (C:/Users/JEREMY~1.PAR/AppData/Local/Temp/_karma_webpack_574981/commons.js:1301:24)
[39m
[31m9) debe renderizar el t├¡tulo principal
[39m[31m     Home Page
[39m[90m     ReferenceError: jest is not defined
    at UserContext.<anonymous> (C:/Users/JEREMY~1.PAR/AppData/Local/Temp/_karma_webpack_574981/commons.js:78377:35)
    at <Jasmine>
[39m[90m     ReferenceError: jest is not defined
    at UserContext.<anonymous> (C:/Users/JEREMY~1.PAR/AppData/Local/Temp/_karma_webpack_574981/commons.js:78393:5)
    at <Jasmine>
[39m
[31m10) debe cargar y mostrar productos destacados
[39m[31m     Home Page
[39m[90m     ReferenceError: jest is not defined
    at UserContext.<anonymous> (C:/Users/JEREMY~1.PAR/AppData/Local/Temp/_karma_webpack_574981/commons.js:78377:35)
    at <Jasmine>
[39m[90m     ReferenceError: jest is not defined
    at UserContext.<anonymous> (C:/Users/JEREMY~1.PAR/AppData/Local/Temp/_karma_webpack_574981/commons.js:78393:5)
    at <Jasmine>
[39m
[31m11) debe manejar errores al cargar productos
[39m[31m     Home Page
[39m[90m     ReferenceError: jest is not defined
    at UserContext.<anonymous> (C:/Users/JEREMY~1.PAR/AppData/Local/Temp/_karma_webpack_574981/commons.js:78377:35)
    at <Jasmine>
[39m[90m     ReferenceError: jest is not defined
    at UserContext.<anonymous> (C:/Users/JEREMY~1.PAR/AppData/Local/Temp/_karma_webpack_574981/commons.js:78393:5)
    at <Jasmine>
[39m
[31m12) debe mostrar un mensaje de carga mientras se obtiene el producto
[39m[31m     Product Detail Page
[39m[90m     TypeError: expect(...).toBeInTheDocument is not a function
    at UserContext.<anonymous> (C:/Users/JEREMY~1.PAR/AppData/Local/Temp/_karma_webpack_574981/commons.js:83170:98)
    at <Jasmine>
[39m
[31m13) debe mostrar un mensaje si el producto no se encuentra
[39m[31m     Product Detail Page
[39m[90m     ReferenceError: jest is not defined
    at C:/Users/JEREMY~1.PAR/AppData/Local/Temp/_karma_webpack_574981/commons.js:83179:41
    at Generator.<anonymous> (C:/Users/JEREMY~1.PAR/AppData/Local/Temp/_karma_webpack_574981/commons.js:83116:1660)
    at Generator.next (C:/Users/JEREMY~1.PAR/AppData/Local/Temp/_karma_webpack_574981/commons.js:83117:255)
    at asyncGeneratorStep (C:/Users/JEREMY~1.PAR/AppData/Local/Temp/_karma_webpack_574981/commons.js:83118:70)
[39m
[31m14) debe cargar y mostrar el producto correctamente
[39m[31m     Product Detail Page
[39m[90m     ReferenceError: jest is not defined
    at C:/Users/JEREMY~1.PAR/AppData/Local/Temp/_karma_webpack_574981/commons.js:83214:41
    at Generator.<anonymous> (C:/Users/JEREMY~1.PAR/AppData/Local/Temp/_karma_webpack_574981/commons.js:83116:1660)
    at Generator.next (C:/Users/JEREMY~1.PAR/AppData/Local/Temp/_karma_webpack_574981/commons.js:83117:255)
    at asyncGeneratorStep (C:/Users/JEREMY~1.PAR/AppData/Local/Temp/_karma_webpack_574981/commons.js:83118:70)
[39m
[31m15) debe manejar el cambio de cantidad
[39m[31m     Product Detail Page
[39m[90m     TestingLibraryElementError: Unable to find an accessible element with the role "button" and name "+"

Here are the accessible roles:

  main:
[39m
[31m16) debe agregar el producto al carrito
[39m[31m     Product Detail Page
[39m[90m     TestingLibraryElementError: Unable to find an accessible element with the role "button" and name `/Agregar al Carrito/i`

Here are the accessible roles:

  main:
[39m
[31m17) debe manejar el env├¡o de una rese├▒a v├ílida
[39m[31m     Product Detail Page
[39m[90m     TestingLibraryElementError: Unable to find a label with the text of: /Calificaci├│n/i

Ignored nodes: comments, script, style
<body>
  
[39m
[31m18) debe mostrar un error si la rese├▒a est├í incompleta
[39m[31m     Product Detail Page
[39m[90m     TestingLibraryElementError: Unable to find an accessible element with the role "button" and name `/Publicar Rese├▒a/i`

Here are the accessible roles:

  main:
[39m
[31m19) debe manejar errores al cargar el producto
[39m[31m     Product Detail Page
[39m[90m     ReferenceError: jest is not defined
    at C:/Users/JEREMY~1.PAR/AppData/Local/Temp/_karma_webpack_574981/commons.js:83380:41
    at Generator.<anonymous> (C:/Users/JEREMY~1.PAR/AppData/Local/Temp/_karma_webpack_574981/commons.js:83116:1660)
    at Generator.next (C:/Users/JEREMY~1.PAR/AppData/Local/Temp/_karma_webpack_574981/commons.js:83117:255)
    at asyncGeneratorStep (C:/Users/JEREMY~1.PAR/AppData/Local/Temp/_karma_webpack_574981/commons.js:83118:70)
[39m
[31m20) debe deshabilitar el bot├│n de incrementar cantidad al alcanzar el l├¡mite m├íximo
[39m[31m     Product Detail Page
[39m[90m     TestingLibraryElementError: Unable to find an accessible element with the role "button" and name "+"

Here are the accessible roles:

  main:
[39m
[31m21) debe deshabilitar el bot├│n de decrementar cantidad al alcanzar el l├¡mite m├¡nimo
[39m[31m     Product Detail Page
[39m[90m     TestingLibraryElementError: Unable to find an accessible element with the role "button" and name "-"

Here are the accessible roles:

  main:
[39m
[31m22) debe mostrar un error si falta la calificaci├│n en la rese├▒a
[39m[31m     Product Detail Page
[39m[90m     TestingLibraryElementError: Unable to find a label with the text of: /Tu nombre/i

Ignored nodes: comments, script, style
<body>
  
[39m
[31m23) debe mostrar un error si falta el nombre en la rese├▒a
[39m[31m     Product Detail Page
[39m[90m     TestingLibraryElementError: Unable to find a label with the text of: /Calificaci├│n/i

Ignored nodes: comments, script, style
<body>
  
[39m
[31m24) debe renderizar el formulario de registro
[39m[31m     Register Page
[39m[90m     TypeError: expect(...).toBeInTheDocument is not a function
    at UserContext.<anonymous> (C:/Users/JEREMY~1.PAR/AppData/Local/Temp/_karma_webpack_574981/commons.js:91686:99)
    at <Jasmine>
[39m
[31m25) debe mostrar un error si los campos de direcci├│n est├ín incompletos
[39m[31m     Register Page
[39m[90m     TestingLibraryElementError: Unable to find an element with the text: /Todos los campos de direcci├│n son obligatorios./i. This could be because the text is broken up by multiple elements. In this case, you can provide a function for your text matcher to make your matcher more flexible.

Ignored nodes: comments, script, style
<body>
  
[39m
[31m26) debe mostrar un error si el tel├®fono tiene un formato incorrecto
[39m[31m     Register Page
[39m[90m     TestingLibraryElementError: Unable to find an element with the text: /El tel├®fono debe tener el formato \+56 9 XXXX XXXX./i. This could be because the text is broken up by multiple elements. In this case, you can provide a function for your text matcher to make your matcher more flexible.

Ignored nodes: comments, script, style
<body>
  
[39m
[31m27) debe mostrar un error si el c├│digo postal no es un n├║mero
[39m[31m     Register Page
[39m[90m     TestingLibraryElementError: Unable to find an element with the text: /El c├│digo postal debe ser un n├║mero./i. This could be because the text is broken up by multiple elements. In this case, you can provide a function for your text matcher to make your matcher more flexible.

Ignored nodes: comments, script, style
<body>
  
[39m
[31m28) debe mostrar un error si las contrase├▒as no coinciden
[39m[31m     Register Page
[39m[90m     TestingLibraryElementError: Found multiple elements with the text of: /Contrase├▒a/i

Here are the matching elements:

Ignored nodes: comments, script, style
[39m
[31m29) debe mostrar un error si el usuario es menor de 18 a├▒os
[39m[31m     Register Page
[39m[90m     TypeError: expect(...).toBeInTheDocument is not a function
    at UserContext.<anonymous> (C:/Users/JEREMY~1.PAR/AppData/Local/Temp/_karma_webpack_574981/commons.js:91781:113)
    at <Jasmine>
[39m
[31m30) debe manejar errores del servidor al registrar un usuario
[39m[31m     Register Page
[39m[90m     ReferenceError: jest is not defined
    at C:/Users/JEREMY~1.PAR/AppData/Local/Temp/_karma_webpack_574981/commons.js:91791:41
    at Generator.<anonymous> (C:/Users/JEREMY~1.PAR/AppData/Local/Temp/_karma_webpack_574981/commons.js:91654:1660)
    at Generator.next (C:/Users/JEREMY~1.PAR/AppData/Local/Temp/_karma_webpack_574981/commons.js:91655:255)
    at asyncGeneratorStep (C:/Users/JEREMY~1.PAR/AppData/Local/Temp/_karma_webpack_574981/commons.js:91656:70)
[39m
[31m31) debe mostrar un mensaje de ├®xito si el registro es exitoso
[39m[31m     Register Page
[39m[90m     ReferenceError: jest is not defined
    at C:/Users/JEREMY~1.PAR/AppData/Local/Temp/_karma_webpack_574981/commons.js:91903:41
    at Generator.<anonymous> (C:/Users/JEREMY~1.PAR/AppData/Local/Temp/_karma_webpack_574981/commons.js:91654:1660)
    at Generator.next (C:/Users/JEREMY~1.PAR/AppData/Local/Temp/_karma_webpack_574981/commons.js:91655:255)
    at asyncGeneratorStep (C:/Users/JEREMY~1.PAR/AppData/Local/Temp/_karma_webpack_574981/commons.js:91656:70)
[39m
[31m32) debe renderizar el t├¡tulo de la p├ígina
[39m[31m     Reviews Page
[39m[90m     TypeError: expect(...).toBeInTheDocument is not a function
    at UserContext.<anonymous> (C:/Users/JEREMY~1.PAR/AppData/Local/Temp/_karma_webpack_574981/commons.js:95103:107)
    at <Jasmine>
[39m
[31m33) debe cargar y mostrar las rese├▒as guardadas
[39m[31m     Reviews Page
[39m[90m     TypeError: expect(...).toBeInTheDocument is not a function
    at UserContext.<anonymous> (C:/Users/JEREMY~1.PAR/AppData/Local/Temp/_karma_webpack_574981/commons.js:95111:97)
    at <Jasmine>
[39m
[31m34) debe mostrar un mensaje si no hay rese├▒as
[39m[31m     Reviews Page
[39m[90m     TypeError: expect(...).toBeInTheDocument is not a function
    at UserContext.<anonymous> (C:/Users/JEREMY~1.PAR/AppData/Local/Temp/_karma_webpack_574981/commons.js:95123:105)
    at <Jasmine>
[39m
[31m35) debe filtrar rese├▒as por producto
[39m[31m     Reviews Page
[39m[90m     TypeError: expect(...).toBeInTheDocument is not a function
    at UserContext.<anonymous> (C:/Users/JEREMY~1.PAR/AppData/Local/Temp/_karma_webpack_574981/commons.js:95138:97)
    at <Jasmine>
[39m
[31m36) debe filtrar rese├▒as por calificaci├│n
[39m[31m     Reviews Page
[39m[90m     TypeError: expect(...).toBeInTheDocument is not a function
    at UserContext.<anonymous> (C:/Users/JEREMY~1.PAR/AppData/Local/Temp/_karma_webpack_574981/commons.js:95153:97)
    at <Jasmine>
[39m
[31m37) debe mostrar un mensaje si no hay rese├▒as que coincidan con los filtros
[39m[31m     Reviews Page
[39m[90m     TypeError: expect(...).toBeInTheDocument is not a function
    at UserContext.<anonymous> (C:/Users/JEREMY~1.PAR/AppData/Local/Temp/_karma_webpack_574981/commons.js:95168:129)
    at <Jasmine>
[39m
[31m38) debe manejar el env├¡o de una rese├▒a v├ílida
[39m[31m     Reviews Page
[39m[90m     TestingLibraryElementError: Unable to find an element with the text: /┬íRese├▒a publicada exitosamente!/i. This could be because the text is broken up by multiple elements. In this case, you can provide a function for your text matcher to make your matcher more flexible.

Ignored nodes: comments, script, style
<body>
  
[39m
[31m39) debe mostrar un error si la rese├▒a est├í incompleta
[39m[31m     Reviews Page
[39m[90m     TestingLibraryElementError: Unable to find an element with the text: /Por favor completa todos los campos/i. This could be because the text is broken up by multiple elements. In this case, you can provide a function for your text matcher to make your matcher more flexible.

Ignored nodes: comments, script, style
<body>
  
[39m

[91m24 11 2025 16:38:25.782:ERROR [coverage]: [39mChrome Headless 142.0.0.0 (Windows 10): Coverage for branches (28.2%) does not meet global threshold (50%)

=============================== Coverage summary ===============================
Statements   : 60.96% ( 659/1081 )
Branches     : 28.2% ( 77/273 )
Functions    : 61.98% ( 194/313 )
Lines        : 62.21% ( 652/1048 )
================================================================================
